
> capstone-app@0.1.0 build
> next build

▲ Next.js 16.2.3 (Turbopack)

  Creating an optimized production build ...
✓ Compiled successfully in 10.9s
  Running TypeScript ...
  Finished TypeScript in 7.6s ...
  Collecting page data using 7 workers ...
  Generating static pages using 7 workers (0/17) ...
  Generating static pages using 7 workers (4/17) 
  Generating static pages using 7 workers (8/17) 
  Generating static pages using 7 workers (12/17) 
✓ Generating static pages using 7 workers (17/17) in 830ms
  Finalizing page optimization ...

Route (app)
┌ ○ /
├ ○ /_not-found
├ ○ /about_us
├ ○ /admin
├ ○ /bouquets
├ ○ /cart
├ ○ /checkout
├ ○ /contact_us
├ ○ /dashboard
├ ○ /keychain
├ ○ /login
├ ○ /login_signup
├ ƒ /product/[id]
├ ○ /search
├ ○ /shop_now
└ ○ /signup


○  (Static)   prerendered as static content
ƒ  (Dynamic)  server-rendered on demand

